../Core/Src/main.c:73:5:main	80	static,ignoring_inline_asm
../Core/Src/main.c:182:6:SystemClock_Config	88	static
../Core/Src/main.c:230:13:MX_USART2_UART_Init	8	static
../Core/Src/main.c:263:13:MX_GPIO_Init	48	static
../Core/Src/main.c:298:13:led_green_handler	16	static,ignoring_inline_asm
../Core/Src/main.c:308:13:led_red_handler	16	static,ignoring_inline_asm
../Core/Src/main.c:318:13:led_blue_handler	16	static,ignoring_inline_asm
../Core/Src/main.c:339:6:StartDefaultTask	16	static
../Core/Src/main.c:358:6:HAL_TIM_PeriodElapsedCallback	16	static
../Core/Src/main.c:376:6:Error_Handler	4	static,ignoring_inline_asm
